<?xml version="1.0" encoding="utf-8" standalone="no"?>
<test-results xmlns:xsi="http://www.w3.org/2001/XMLSchema-instance" xsi:noNamespaceSchemaLocation="nunit_schema_2.5.xsd" name="Pester" total="1" errors="0" failures="1" not-run="0" inconclusive="0" ignored="0" skipped="0" invalid="0" date="2026-06-08" time="11:17:49">
  <environment platform="Microsoft Windows 11 Pro|C:\Windows|\Device\Harddisk0\Partition3" machine-name="CASA" clr-version="" user="thiag" cwd="C:\Users\thiag\Coinex_AI_USER_API" os-version="10.0.26200" user-domain="CASA" nunit-version="2.5.8.0" />
  <culture-info current-culture="pt-BR" current-uiculture="pt-BR" />
  <test-suite type="Powershell" name="Pester" executed="True" result="Failure" success="False" time="0.235" asserts="0">
    <results>
      <test-suite type="TestFixture" name="Hybrid Orchestrator" executed="True" result="Failure" success="False" time="0.235" asserts="0" description="Hybrid Orchestrator">
        <results>
          <test-case description="Error occurred in Describe block" name="Hybrid Orchestrator.Error occurred in Describe block" time="0.235" asserts="0" success="False" result="Failure" executed="True">
            <failure>
              <message>The term 'C:\Users\thiag\agents\lib_hybrid_orchestrator.ps1' is not recognized as a name of a cmdlet, function, script file, or executable program.
Check the spelling of the name, or if a path was included, verify that the path is correct and try again.</message>
              <stack-trace>At C:\Users\thiag\Coinex_AI_USER_API\tests\lib_hybrid_orchestrator.Tests.ps1:5 char:11</stack-trace>
            </failure>
          </test-case>
        </results>
      </test-suite>
    </results>
  </test-suite>
</test-results>